This is a fake function!
